// 同步 ID: 11c9c930 @ Sat Jul 18 15:31:05 UTC 2026
// 同步 ID: b65c40ed @ Sat Jul 18 17:52:00 UTC 2026
// 重构日志: 0a902674
// 同步 ID: d4165a01 @ Sun Jul 19 11:51:21 UTC 2026
// 重构日志: 4f9e4ab0
// 同步 ID: e23a96ab @ Wed Jul 22 15:43:09 UTC 2026
// 同步 ID: 59b88fe4 @ Thu Jul 23 00:52:31 UTC 2026
// 重构日志: 9ee012ca
// 重构日志: 8f1943d8
// 同步 ID: 594eee64 @ Sun Jul 26 09:16:45 UTC 2026
// 重构日志: d36e3a66
// 重构日志: fca6728c
// 同步 ID: 46a22a39 @ Wed Jul 29 08:16:35 UTC 2026
// 重构日志: 53793310
// 重构日志: 3f511de4
// 重构日志: bbbd3854
// 同步 ID: aaa429bf @ Wed Aug  5 16:30:40 UTC 2026
// 重构日志: f1e2f313
// 重构日志: 083567da
// 重构日志: dba14e9b
// 重构日志: a9ef911d
// 重构日志: 18eee038
// 重构日志: 35a4ce99
// 重构日志: 4e7e20cd
